// Vitest Snapshot v1, https://vitest.dev/guide/snapshot.html

exports[`CustomerLayout > should render the Outlet component 1`] = `<div />`;

exports[`CustomerLayout - LAYOUT > should render the Outlet component 1`] = `<div />`;
